<form method="post" action="#"><label for="name">Name</label><input type="text" name="name" value="rob" class="user-input"><label for="job">Job</label><input type="text" name="job" value="hexlet"></form>
