<form method="post" action="#"><label for="name">Name</label><input type="text" name="name" value="rob"><label for="job">Job</label><input type="text" name="job" value="hexlet"><input type="submit" value="Super!"></form>
